Diagnose log at 2026-08-10T17:46:51Z

AppPath: C:\Program Files\Git\mingw64\bin\git-credential-manager.exe
InstallDir: C:\Program Files\Git\mingw64\bin\
Version: 2.7.3+5fa7116896c82164996a609accd1c5ad90fe730a

------------
Diagnostic: Environment
Skipped: False
Success: True
Exception: None
Log:
OSType: Windows
OSVersion: 10.0 (build 26100)
Reading environment variables... OK
 Variables:
SystemDrive=C:
ProgramFiles(x86)=C:\Program Files (x86)
MSYSTEM=MINGW64
ProgramW6432=C:\Program Files
PROCESSOR_IDENTIFIER=Intel64 Family 6 Model 140 Stepping 1, GenuineIntel
TMP=C:\Users\Hp\AppData\Local\Temp
PROCESSOR_ARCHITECTURE=AMD64
VSCODE_GIT_ASKPASS_MAIN=c:\Users\Hp\AppData\Local\Programs\Antigravity IDE\resources\app\extensions\git\dist\askpass-main.js
Path=C:/Program Files/Git/mingw64/libexec/git-core;C:\Program Files\Git\mingw64\bin;C:\Program Files\Git\usr\bin;C:\Users\Hp\bin;C:\Windows\system32;C:\Windows;C:\Windows\System32\Wbem;C:\Windows\System32\WindowsPowerShell\v1.0\;C:\Windows\System32\OpenSSH\;C:\wamp64\bin\php\php8.2.30;C:\ProgramData\ComposerSetup\bin;C:\Program Files\Git\cmd;C:\Program Files\nodejs\;C:\Users\Hp\AppData\Local\Programs\Python\Python313\Scripts\;C:\Users\Hp\AppData\Local\Programs\Python\Python313\;C:\Users\Hp\AppData\Local\Programs\Python\Launcher\;C:\Users\Hp\AppData\Local\Microsoft\WindowsApps;C:\Users\Hp\AppData\Local\Programs\Antigravity IDE\bin;C:\Users\Hp\AppData\Roaming\Composer\vendor\bin;C:\Users\Hp\AppData\Roaming\npm
VSCODE_GIT_IPC_HANDLE=\\.\pipe\vscode-git-d05f2877cd-sock
PROCESSOR_REVISION=8c01
TEMP=C:\Users\Hp\AppData\Local\Temp
USERPROFILE=C:\Users\Hp
LOGONSERVER=\\ISALU-IT
TERM=xterm-256color
USERNAME=Hp
SystemRoot=C:\Windows
CHROME_CRASHPAD_PIPE_NAME=\\.\pipe\crashpad_4144_OWLJMKGHCIMJZRWO
GIT_EXEC_PATH=C:/Program Files/Git/mingw64/libexec/git-core
PLINK_PROTOCOL=ssh
OneDrive=C:\Users\Hp\OneDrive
USERDOMAIN_ROAMINGPROFILE=ISALU-IT
VSCODE_NONCE=8f2592d1-7939-4e34-b375-4ebaec3b21b8
CommonProgramFiles=C:\Program Files\Common Files
PYTHON_BASIC_REPL=1
ProgramData=C:\ProgramData
LANG=en_US.UTF-8
GIT_ASKPASS=c:\Users\Hp\AppData\Local\Programs\Antigravity IDE\resources\app\extensions\git\dist\askpass.sh
HOMEPATH=\Users\Hp
OneDriveConsumer=C:\Users\Hp\OneDrive
COMPUTERNAME=ISALU-IT
PYTHONSTARTUP=c:\Users\Hp\AppData\Roaming\Antigravity IDE\User\workspaceStorage\aac1f1c5ebf1a8238692d1ea64531975\ms-python.python\pythonrc.py
ALLUSERSPROFILE=C:\ProgramData
CommonProgramW6432=C:\Program Files\Common Files
ANTIGRAVITY_CLI_ALIAS=agy-ide
SESSIONNAME=Console
DriverData=C:\Windows\System32\Drivers\DriverData
HOMEDRIVE=C:
windir=C:\Windows
GIT_TRACE2_PARENT_SID=de47ff2b-c2e5-497f-bf91-f84455bf5395
VSCODE_GIT_ASKPASS_NODE=C:\Users\Hp\AppData\Local\Programs\Antigravity IDE\Antigravity IDE.exe
NUMBER_OF_PROCESSORS=8
OS=Windows_NT
ProgramFiles=C:\Program Files
ComSpec=C:\Windows\system32\cmd.exe
PSModulePath=C:\Program Files\WindowsPowerShell\Modules;C:\Windows\system32\WindowsPowerShell\v1.0\Modules
PATHEXT=.COM;.EXE;.BAT;.CMD;.VBS;.VBE;.JS;.JSE;.WSF;.WSH;.MSC
HOME=C:\Users\Hp
EFC_14080=1
PROMPT=$P$G
TMPDIR=C:\Users\Hp\AppData\Local\Temp
APPDATA=C:\Users\Hp\AppData\Roaming
USERDOMAIN=ISALU-IT
PROCESSOR_LEVEL=6
DATA_CLOUD_CURR_IDE_NAME=antigravityide
LOCALAPPDATA=C:\Users\Hp\AppData\Local
TERM_PROGRAM_VERSION=1.107.0
CommonProgramFiles(x86)=C:\Program Files (x86)\Common Files
COLORTERM=truecolor
PUBLIC=C:\Users\Public
TERM_PROGRAM=vscode
VSCODE_GIT_ASKPASS_EXTRA_ARGS=


------------
Diagnostic: File system
Skipped: False
Success: True
Exception: None
Log:
Temporary directory is 'C:\Users\Hp\AppData\Local\Temp\'...
Checking basic file I/O...
Writing to temporary file 'C:\Users\Hp\AppData\Local\Temp\e8654a61a2349459110a97fa'... OK
Reading from temporary file 'C:\Users\Hp\AppData\Local\Temp\e8654a61a2349459110a97fa'... OK
Deleting temporary file 'C:\Users\Hp\AppData\Local\Temp\e8654a61a2349459110a97fa'... OK
Testing IFileSystem instance...
UserHomePath: C:\Users\Hp
UserDataDirectoryPath: C:\Users\Hp\.gcm
GetCurrentDirectory(): C:\wamp64\www\isalu\isalu-hrms-frontend

------------
Diagnostic: Networking
Skipped: False
Success: True
Exception: None
Log:
Checking networking and HTTP stack...
Creating HTTP client... OK
IsNetworkAvailable: True
Sending HEAD request to http://example.com...Sending HEAD request to https://example.com... OK
 OK
Acquiring free TCP port... OK
Testing local HTTP loopback connections...
Creating new HTTP listener for http://localhost:62041/... OK
Waiting for loopback connection... OK
Writing response... OK
Waiting for response data... OK
Loopback connection data OK

------------
Diagnostic: Git
Skipped: False
Success: True
Exception: None
Log:
Getting Git version... OK
Git version is '2.53.0.windows.2'
Locating current repository...Git repository at 'C:/wamp64/www/isalu/isalu-hrms-frontend/.git'
 OK
Listing all Git configuration... OK
Git configuration:
file:C:/Program Files/Git/etc/gitconfig	diff.astextplain.textconv=astextplain
file:C:/Program Files/Git/etc/gitconfig	filter.lfs.clean=git-lfs clean -- %f
file:C:/Program Files/Git/etc/gitconfig	filter.lfs.smudge=git-lfs smudge -- %f
file:C:/Program Files/Git/etc/gitconfig	filter.lfs.process=git-lfs filter-process
file:C:/Program Files/Git/etc/gitconfig	filter.lfs.required=true
file:C:/Program Files/Git/etc/gitconfig	http.sslbackend=schannel
file:C:/Program Files/Git/etc/gitconfig	core.autocrlf=true
file:C:/Program Files/Git/etc/gitconfig	core.fscache=true
file:C:/Program Files/Git/etc/gitconfig	core.symlinks=false
file:C:/Program Files/Git/etc/gitconfig	pull.rebase=false
file:C:/Program Files/Git/etc/gitconfig	credential.helper=manager
file:C:/Program Files/Git/etc/gitconfig	credential.https://dev.azure.com.usehttppath=true
file:C:/Program Files/Git/etc/gitconfig	init.defaultbranch=master
file:C:/Users/Hp/.gitconfig	user.email=olaoyea64@gmail.com
file:C:/Users/Hp/.gitconfig	user.name=smarts8855
file:C:/Users/Hp/.gitconfig	credential.usehttppath=true
file:C:/Users/Hp/.gitconfig	credential.helper=manager
file:.git/config	core.repositoryformatversion=0
file:.git/config	core.filemode=false
file:.git/config	core.bare=false
file:.git/config	core.logallrefupdates=true
file:.git/config	core.symlinks=false
file:.git/config	core.ignorecase=true
file:.git/config	remote.origin.url=https://github.com/it929/isalu-hrms-frontend.git
file:.git/config	remote.origin.fetch=+refs/heads/*:refs/remotes/origin/*
file:.git/config	branch.main.remote=origin
file:.git/config	branch.main.merge=refs/heads/main
file:.git/config	branch.main.vscode-merge-base=origin/main
file:.git/config	branch.Tunde.vscode-merge-base=origin/main
file:.git/config	branch.tunde.vscode-merge-base=origin/main


------------
Diagnostic: Credential storage
Skipped: False
Success: True
Exception: None
Log:
ICredentialStore instance is of type: CredentialStore
Writing test credential... OK
Reading test credential... OK
Deleting test credential... OK

------------
Diagnostic: Microsoft authentication (AAD/MSA)
Skipped: False
Success: True
Exception: None
Log:
Broker is not enabled.
Flow type is: Auto
Gathering MSAL token cache data... OK
CacheDirectory: C:\Users\Hp\AppData\Local\.IdentityService
CacheFileName: msal.cache
CacheFilePath: C:\Users\Hp\AppData\Local\.IdentityService\msal.cache
Creating cache helper... OK
Verifying MSAL token cache persistence... OK

------------
Diagnostic: GitHub API
Skipped: False
Success: True
Exception: None
Log:
Using 'https://github.com/' as API target.
Querying '/meta' endpoint... OK

